[    0.000000] Initializing cgroup subsys cpuset
[    0.000000] Initializing cgroup subsys cpu
[    0.000000] Initializing cgroup subsys cpuacct
[    0.000000] Linux version 4.4.0-96-generic (buildd@lgw01-10) (gcc version 5.4.0 20160609 (Ubuntu 5.4.0-6ubuntu1~16.04.4) ) #119-Ubuntu SMP Tue Sep 12 14:59:54 UTC 2017 (Ubuntu 4.4.0-96.119-generic 4.4.83)
[    0.000000] Command line: BOOT_IMAGE=/boot/vmlinuz-4.4.0-96-generic root=LABEL=cloudimg-rootfs ro console=tty1 console=ttyS0
[    0.000000] KERNEL supported cpus:
[    0.000000]   Intel GenuineIntel
[    0.000000]   AMD AuthenticAMD
[    0.000000]   Centaur CentaurHauls
[    0.000000] x86/fpu: xstate_offset[2]:  576, xstate_sizes[2]:  256
[    0.000000] x86/fpu: Supporting XSAVE feature 0x01: 'x87 floating point registers'
[    0.000000] x86/fpu: Supporting XSAVE feature 0x02: 'SSE registers'
[    0.000000] x86/fpu: Supporting XSAVE feature 0x04: 'AVX registers'
[    0.000000] x86/fpu: Enabled xstate features 0x7, context size is 832 bytes, using 'standard' format.
[    0.000000] x86/fpu: Using 'lazy' FPU context switches.
[    0.000000] e820: BIOS-provided physical RAM map:
[    0.000000] BIOS-e820: [mem 0x0000000000000000-0x000000000009fbff] usable
[    0.000000] BIOS-e820: [mem 0x000000000009fc00-0x000000000009ffff] reserved
[    0.000000] BIOS-e820: [mem 0x00000000000f0000-0x00000000000fffff] reserved
[    0.000000] BIOS-e820: [mem 0x0000000000100000-0x000000003ffeffff] usable
[    0.000000] BIOS-e820: [mem 0x000000003fff0000-0x000000003fffffff] ACPI data
[    0.000000] BIOS-e820: [mem 0x00000000fec00000-0x00000000fec00fff] reserved
[    0.000000] BIOS-e820: [mem 0x00000000fee00000-0x00000000fee00fff] reserved
[    0.000000] BIOS-e820: [mem 0x00000000fffc0000-0x00000000ffffffff] reserved
[    0.000000] NX (Execute Disable) protection: active
[    0.000000] SMBIOS 2.5 present.
[    0.000000] Hypervisor detected: KVM
[    0.000000] e820: last_pfn = 0x3fff0 max_arch_pfn = 0x400000000
[    0.000000] MTRR: Disabled
[    0.000000] x86/PAT: MTRRs disabled, skipping PAT initialization too.
[    0.000000] CPU MTRRs all blank - virtualized system.
[    0.000000] x86/PAT: Configuration [0-7]: WB  WT  UC- UC  WB  WT  UC- UC  
[    0.000000] found SMP MP-table at [mem 0x0009fff0-0x0009ffff] mapped at [ffff88000009fff0]
[    0.000000] Scanning 1 areas for low memory corruption
[    0.000000] RAMDISK: [mem 0x36ad0000-0x3755ffff]
[    0.000000] ACPI: Early table checksum verification disabled
[    0.000000] ACPI: RSDP 0x00000000000E0000 000024 (v02 VBOX  )
[    0.000000] ACPI: XSDT 0x000000003FFF0030 00003C (v01 VBOX   VBOXXSDT 00000001 ASL  00000061)
[    0.000000] ACPI: FACP 0x000000003FFF00F0 0000F4 (v04 VBOX   VBOXFACP 00000001 ASL  00000061)
[    0.000000] ACPI: DSDT 0x000000003FFF0470 0021C8 (v02 VBOX   VBOXBIOS 00000002 INTL 20100528)
[    0.000000] ACPI: FACS 0x000000003FFF0200 000040
[    0.000000] ACPI: FACS 0x000000003FFF0200 000040
[    0.000000] ACPI: APIC 0x000000003FFF0240 000054 (v02 VBOX   VBOXAPIC 00000001 ASL  00000061)
[    0.000000] ACPI: SSDT 0x000000003FFF02A0 0001CC (v01 VBOX   VBOXCPUT 00000002 INTL 20100528)
[    0.000000] No NUMA configuration found
[    0.000000] Faking a node at [mem 0x0000000000000000-0x000000003ffeffff]
[    0.000000] NODE_DATA(0) allocated [mem 0x3ffeb000-0x3ffeffff]
[    0.000000] kvm-clock: Using msrs 4b564d01 and 4b564d00
[    0.000000] kvm-clock: cpu 0, msr 0:3ffe3001, primary cpu clock
[    0.000000] kvm-clock: using sched offset of 3840166142 cycles
[    0.000000] clocksource: kvm-clock: mask: 0xffffffffffffffff max_cycles: 0x1cd42e4dffb, max_idle_ns: 881590591483 ns
[    0.000000] Zone ranges:
[    0.000000]   DMA      [mem 0x0000000000001000-0x0000000000ffffff]
[    0.000000]   DMA32    [mem 0x0000000001000000-0x000000003ffeffff]
[    0.000000]   Normal   empty
[    0.000000]   Device   empty
[    0.000000] Movable zone start for each node
[    0.000000] Early memory node ranges
[    0.000000]   node   0: [mem 0x0000000000001000-0x000000000009efff]
[    0.000000]   node   0: [mem 0x0000000000100000-0x000000003ffeffff]
[    0.000000] Initmem setup node 0 [mem 0x0000000000001000-0x000000003ffeffff]
[    0.000000] ACPI: PM-Timer IO Port: 0x4008
[    0.000000] IOAPIC[0]: apic_id 1, version 32, address 0xfec00000, GSI 0-23
[    0.000000] ACPI: INT_SRC_OVR (bus 0 bus_irq 0 global_irq 2 dfl dfl)
[    0.000000] ACPI: INT_SRC_OVR (bus 0 bus_irq 9 global_irq 9 high level)
[    0.000000] Using ACPI (MADT) for SMP configuration information
[    0.000000] smpboot: Allowing 1 CPUs, 0 hotplug CPUs
[    0.000000] PM: Registered nosave memory: [mem 0x00000000-0x00000fff]
[    0.000000] PM: Registered nosave memory: [mem 0x0009f000-0x0009ffff]
[    0.000000] PM: Registered nosave memory: [mem 0x000a0000-0x000effff]
[    0.000000] PM: Registered nosave memory: [mem 0x000f0000-0x000fffff]
[    0.000000] e820: [mem 0x40000000-0xfebfffff] available for PCI devices
[    0.000000] Booting paravirtualized kernel on KVM
[    0.000000] clocksource: refined-jiffies: mask: 0xffffffff max_cycles: 0xffffffff, max_idle_ns: 7645519600211568 ns
[    0.000000] setup_percpu: NR_CPUS:512 nr_cpumask_bits:512 nr_cpu_ids:1 nr_node_ids:1
[    0.000000] PERCPU: Embedded 34 pages/cpu @ffff88003fc00000 s98328 r8192 d32744 u2097152
[    0.000000] PV qspinlock hash table entries: 256 (order: 0, 4096 bytes)
[    0.000000] Built 1 zonelists in Node order, mobility grouping on.  Total pages: 257913
[    0.000000] Policy zone: DMA32
[    0.000000] Kernel command line: BOOT_IMAGE=/boot/vmlinuz-4.4.0-96-generic root=LABEL=cloudimg-rootfs ro console=tty1 console=ttyS0
[    0.000000] PID hash table entries: 4096 (order: 3, 32768 bytes)
[    0.000000] Memory: 1001884K/1048120K available (8479K kernel code, 1294K rwdata, 3984K rodata, 1492K init, 1316K bss, 46236K reserved, 0K cma-reserved)
[    0.000000] SLUB: HWalign=64, Order=0-3, MinObjects=0, CPUs=1, Nodes=1
[    0.000000] Hierarchical RCU implementation.
[    0.000000] 	Build-time adjustment of leaf fanout to 64.
[    0.000000] 	RCU restricting CPUs from NR_CPUS=512 to nr_cpu_ids=1.
[    0.000000] RCU: Adjusting geometry for rcu_fanout_leaf=64, nr_cpu_ids=1
[    0.000000] NR_IRQS:33024 nr_irqs:256 16
[    0.000000] Console: colour VGA+ 80x25
[    0.000000] console [tty1] enabled
[    0.000000] console [ttyS0] enabled
[    0.000000] tsc: Detected 3192.746 MHz processor
[    0.987072] Calibrating delay loop (skipped) preset value.. 6385.49 BogoMIPS (lpj=12770984)
[    0.996019] pid_max: default: 32768 minimum: 301
[    0.996892] ACPI: Core revision 20150930
[    0.998493] ACPI: 2 ACPI AML tables successfully acquired and loaded
[    0.999696] Security Framework initialized
[    1.000455] Yama: becoming mindful.
[    1.001209] AppArmor: AppArmor initialized
[    1.002030] Dentry cache hash table entries: 131072 (order: 8, 1048576 bytes)
[    1.032369] Inode-cache hash table entries: 65536 (order: 7, 524288 bytes)
[    1.034653] Mount-cache hash table entries: 2048 (order: 2, 16384 bytes)
[    1.035734] Mountpoint-cache hash table entries: 2048 (order: 2, 16384 bytes)
[    1.042982] Initializing cgroup subsys io
[    1.075682] Initializing cgroup subsys memory
[    1.125685] Initializing cgroup subsys devices
[    1.126548] Initializing cgroup subsys freezer
[    1.127385] Initializing cgroup subsys net_cls
[    1.140892] Initializing cgroup subsys perf_event
[    1.141709] Initializing cgroup subsys net_prio
[    1.142568] Initializing cgroup subsys hugetlb
[    1.143386] Initializing cgroup subsys pids
[    1.144245] CPU: Physical Processor ID: 0
[    1.152275] mce: CPU supports 0 MCE banks
[    1.159527] process: using mwait in idle threads
[    1.160443] Last level iTLB entries: 4KB 512, 2MB 8, 4MB 8
[    1.161389] Last level dTLB entries: 4KB 512, 2MB 32, 4MB 32, 1GB 0
[    1.188958] Freeing SMP alternatives memory: 32K
[    1.349232] ftrace: allocating 32146 entries in 126 pages
[    1.517818] smpboot: APIC(0) Converting physical 0 to logical package 0
[    1.604473] smpboot: Max logical packages: 1
[    1.605529] x2apic enabled
[    1.608325] Switched APIC routing to physical x2apic.
[    1.610219] ..TIMER: vector=0x30 apic1=0 pin1=2 apic2=-1 pin2=-1
[    1.716351] smpboot: CPU0: Intel(R) Core(TM) i5-3470 CPU @ 3.20GHz (family: 0x6, model: 0x3a, stepping: 0x9)
[    1.744147] Performance Events: unsupported p6 CPU model 58 no PMU driver, software events only.
[    1.745857] KVM setup paravirtual spinlock
[    1.747201] x86: Booted up 1 node, 1 CPUs
[    1.747943] smpboot: Total of 1 processors activated (6385.49 BogoMIPS)
[    1.749227] devtmpfs: initialized
[    1.751689] evm: security.selinux
[    1.752316] evm: security.SMACK64
[    1.752968] evm: security.SMACK64EXEC
[    1.753674] evm: security.SMACK64TRANSMUTE
[    1.756989] evm: security.SMACK64MMAP
[    1.757682] evm: security.ima
[    1.758286] evm: security.capability
[    1.759123] clocksource: jiffies: mask: 0xffffffff max_cycles: 0xffffffff, max_idle_ns: 7645041785100000 ns
[    1.762099] futex hash table entries: 256 (order: 2, 16384 bytes)
[    1.769465] pinctrl core: initialized pinctrl subsystem
[    1.770493] RTC time:  6:24:38, date: 10/12/17
[    1.778949] NET: Registered protocol family 16
[    1.779924] cpuidle: using governor ladder
[    1.784163] cpuidle: using governor menu
[    1.784930] PCCT header not found.
[    1.785647] ACPI: bus type PCI registered
[    1.789908] acpiphp: ACPI Hot Plug PCI Controller Driver version: 0.5
[    1.791074] PCI: Using configuration type 1 for base access
[    1.794183] ACPI: Added _OSI(Module Device)
[    1.796044] ACPI: Added _OSI(Processor Device)
[    1.796846] ACPI: Added _OSI(3.0 _SCP Extensions)
[    1.797700] ACPI: Added _OSI(Processor Aggregator Device)
[    1.799151] ACPI: Executed 1 blocks of module-level executable AML code
[    1.803899] ACPI: Interpreter enabled
[    1.807498] ACPI: (supports S0 S5)
[    1.808155] ACPI: Using IOAPIC for interrupt routing
[    1.809176] PCI: Using host bridge windows from ACPI; if necessary, use "pci=nocrs" and report a bug
[    1.815241] ACPI: PCI Root Bridge [PCI0] (domain 0000 [bus 00-ff])
[    1.966447] acpi PNP0A03:00: _OSC: OS supports [ASPM ClockPM Segments MSI]
[    1.967578] acpi PNP0A03:00: _OSC failed (AE_NOT_FOUND); disabling ASPM
[    1.968678] acpi PNP0A03:00: fail to add MMCONFIG information, can't access extended PCI configuration space under this bridge.
[    2.185813] PCI host bridge to bus 0000:00
[    2.239518] pci_bus 0000:00: root bus resource [io  0x0000-0x0cf7 window]
[    2.247750] pci_bus 0000:00: root bus resource [io  0x0d00-0xffff window]
[    2.248856] pci_bus 0000:00: root bus resource [mem 0x000a0000-0x000bffff window]
[    2.250228] pci_bus 0000:00: root bus resource [mem 0x40000000-0xffdfffff window]
[    2.251543] pci_bus 0000:00: root bus resource [bus 00-ff]
[    2.254252] pci 0000:00:01.1: legacy IDE quirk: reg 0x10: [io  0x01f0-0x01f7]
[    2.294699] pci 0000:00:01.1: legacy IDE quirk: reg 0x14: [io  0x03f6]
[    2.329273] pci 0000:00:01.1: legacy IDE quirk: reg 0x18: [io  0x0170-0x0177]
[    2.330409] pci 0000:00:01.1: legacy IDE quirk: reg 0x1c: [io  0x0376]
[    2.344908] pci 0000:00:07.0: quirk: [io  0x4000-0x403f] claimed by PIIX4 ACPI
[    2.364050] pci 0000:00:07.0: quirk: [io  0x4100-0x410f] claimed by PIIX4 SMB
[    2.385166] ACPI: PCI Interrupt Link [LNKA] (IRQs 5 9 10 *11)
[    2.439413] ACPI: PCI Interrupt Link [LNKB] (IRQs 5 9 10 *11)
[    2.455086] ACPI: PCI Interrupt Link [LNKC] (IRQs 5 9 *10 11)
[    2.456555] ACPI: PCI Interrupt Link [LNKD] (IRQs 5 *9 10 11)
[    2.518777] ACPI: Enabled 2 GPEs in block 00 to 07
[    2.521927] vgaarb: setting as boot device: PCI:0000:00:02.0
[    2.522892] vgaarb: device added: PCI:0000:00:02.0,decodes=io+mem,owns=io+mem,locks=none
[    2.524283] vgaarb: loaded
[    2.524875] vgaarb: bridge control possible 0000:00:02.0
[    2.526090] SCSI subsystem initialized
[    2.557081] ACPI: bus type USB registered
[    2.557839] usbcore: registered new interface driver usbfs
[    2.558819] usbcore: registered new interface driver hub
[    2.559722] usbcore: registered new device driver usb
[    2.582153] PCI: Using ACPI for IRQ routing
[    2.583235] NetLabel: Initializing
[    2.583871] NetLabel:  domain hash size = 128
[    2.592469] NetLabel:  protocols = UNLABELED CIPSOv4
[    2.623934] NetLabel:  unlabeled traffic allowed by default
[    2.630459] amd_nb: Cannot enumerate AMD northbridges
[    2.662616] clocksource: Switched to clocksource kvm-clock
[    2.671804] AppArmor: AppArmor Filesystem Enabled
[    2.706233] pnp: PnP ACPI init
[    2.714491] pnp: PnP ACPI: found 3 devices
[    2.752038] clocksource: acpi_pm: mask: 0xffffff max_cycles: 0xffffff, max_idle_ns: 2085701024 ns
[    2.793229] NET: Registered protocol family 2
[    2.803245] TCP established hash table entries: 8192 (order: 4, 65536 bytes)
[    2.809233] TCP bind hash table entries: 8192 (order: 5, 131072 bytes)
[    2.810289] TCP: Hash tables configured (established 8192 bind 8192)
[    2.811342] UDP hash table entries: 512 (order: 2, 16384 bytes)
[    2.812316] UDP-Lite hash table entries: 512 (order: 2, 16384 bytes)
[    2.813417] NET: Registered protocol family 1
[    2.821205] pci 0000:00:00.0: Limiting direct PCI/PCI transfers
[    2.830412] pci 0000:00:01.0: Activating ISA DMA hang workarounds
[    2.831586] Unpacking initramfs...
[    4.500642] Freeing initrd memory: 10816K
[    4.515868] RAPL PMU detected, API unit is 2^-32 Joules, 3 fixed counters 10737418240 ms ovfl timer
[    4.617505] hw unit of domain pp0-core 2^-0 Joules
[    4.618345] hw unit of domain package 2^-0 Joules
[    4.619216] hw unit of domain pp1-gpu 2^-0 Joules
[    4.713754] platform rtc_cmos: registered platform RTC device (no PNP device found)
[    4.866219] Scanning for low memory corruption every 60 seconds
[    4.890880] audit: initializing netlink subsys (disabled)
[    5.005728] audit: type=2000 audit(1507789485.182:1): initialized
[    5.152795] Initialise system trusted keyring
[    5.274201] HugeTLB registered 2 MB page size, pre-allocated 0 pages
[    5.308534] zbud: loaded
[    5.368491] VFS: Disk quotas dquot_6.6.0
[    5.476265] VFS: Dquot-cache hash table entries: 512 (order 0, 4096 bytes)
[    5.532696] squashfs: version 4.0 (2009/01/31) Phillip Lougher
[    5.570436] fuse init (API version 7.23)
[    5.590917] Key type big_key registered
[    5.647792] Allocating IMA MOK and blacklist keyrings.
[    5.650280] Key type asymmetric registered
[    5.691606] Asymmetric key parser 'x509' registered
[    5.695987] Block layer SCSI generic (bsg) driver version 0.4 loaded (major 249)
[    5.697466] io scheduler noop registered
[    5.698205] io scheduler deadline registered (default)
[    5.699196] io scheduler cfq registered
[    5.710621] pci_hotplug: PCI Hot Plug PCI Core version: 0.5
[    5.749399] tsc: Refined TSC clocksource calibration: 3194.069 MHz
[    5.750440] clocksource: tsc: mask: 0xffffffffffffffff max_cycles: 0x2e0a67916e2, max_idle_ns: 440795312557 ns
[    5.758928] pciehp: PCI Express Hot Plug Controller Driver version: 0.4
[    5.793078] ACPI: AC Adapter [AC] (on-line)
[    5.804842] input: Power Button as /devices/LNXSYSTM:00/LNXPWRBN:00/input/input0
[    5.824735] ACPI: Power Button [PWRF]
[    5.866005] input: Sleep Button as /devices/LNXSYSTM:00/LNXSLPBN:00/input/input1
[    5.875419] ACPI: Sleep Button [SLPF]
[    5.886258] GHES: HEST is not enabled!
[    5.897622] Serial: 8250/16550 driver, 32 ports, IRQ sharing enabled
[    5.921351] 00:02: ttyS0 at I/O 0x3f8 (irq = 4, base_baud = 115200) is a 16550A
[    5.965225] Linux agpgart interface v0.103
[    5.990038] loop: module loaded
[    6.023655] scsi host0: ata_piix
[    6.027279] scsi host1: ata_piix
[    6.028009] ata1: PATA max UDMA/33 cmd 0x1f0 ctl 0x3f6 bmdma 0xd000 irq 14
[    6.051313] ata2: PATA max UDMA/33 cmd 0x170 ctl 0x376 bmdma 0xd008 irq 15
[    6.053092] libphy: Fixed MDIO Bus: probed
[    6.053819] tun: Universal TUN/TAP device driver, 1.6
[    6.054730] tun: (C) 1999-2004 Max Krasnyansky <maxk@qualcomm.com>
[    6.058908] PPP generic driver version 2.4.2
[    6.070209] ehci_hcd: USB 2.0 'Enhanced' Host Controller (EHCI) Driver
[    6.071349] ehci-pci: EHCI PCI platform driver
[    6.072158] ehci-platform: EHCI generic platform driver
[    6.073099] ohci_hcd: USB 1.1 'Open' Host Controller (OHCI) Driver
[    6.123918] ohci-pci: OHCI PCI platform driver
[    6.124750] ohci-platform: OHCI generic platform driver
[    6.125634] uhci_hcd: USB Universal Host Controller Interface driver
[    6.126852] i8042: PNP: PS/2 Controller [PNP0303:PS2K,PNP0f03:PS2M] at 0x60,0x64 irq 1,12
[    6.173808] serio: i8042 KBD port at 0x60,0x64 irq 1
[    6.182272] serio: i8042 AUX port at 0x60,0x64 irq 12
[    6.200030] mousedev: PS/2 mouse device common for all mice
[    6.201241] input: AT Translated Set 2 keyboard as /devices/platform/i8042/serio0/input/input2
[    6.234585] rtc_cmos rtc_cmos: rtc core: registered rtc_cmos as rtc0
[    6.256344] rtc_cmos rtc_cmos: alarms up to one day, 114 bytes nvram
[    6.257393] i2c /dev entries driver
[    6.258129] device-mapper: uevent: version 1.0.3
[    6.311702] device-mapper: ioctl: 4.34.0-ioctl (2015-10-28) initialised: dm-devel@redhat.com
[    6.313187] ledtrig-cpu: registered to indicate activity on CPUs
[    6.314444] NET: Registered protocol family 10
[    6.328882] NET: Registered protocol family 17
[    6.391889] Key type dns_resolver registered
[    6.392782] microcode: CPU0 sig=0x306a9, pf=0x2, revision=0x19
[    6.531781] microcode: Microcode Update Driver: v2.01 <tigran@aivazian.fsnet.co.uk>, Peter Oruba
[    6.593086] registered taskstats version 1
[    6.625052] Loading compiled-in X.509 certificates
[    6.722437] Loaded X.509 cert 'Build time autogenerated kernel key: b1a6ea8776bed2812c00d8a799f968274ef48628'
[    6.854859] zswap: loaded using pool lzo/zbud
[    6.948669] Key type trusted registered
[    7.044036] Key type encrypted registered
[    7.047894] AppArmor: AppArmor sha1 policy hashing enabled
[    7.048878] ima: No TPM chip found, activating TPM-bypass!
[    7.148639] evm: HMAC attrs: 0x1
[    7.206656]   Magic number: 5:933:417
[    7.207963] rtc_cmos rtc_cmos: setting system clock to 2017-10-12 06:24:44 UTC (1507789484)
[    7.209690] BIOS EDD facility v0.16 2004-Jun-25, 0 devices found
[    7.248031] EDD information not available.
[    7.250057] Freeing unused kernel memory: 1492K
[    7.250837] Write protecting the kernel read-only data: 14336k
[    7.252195] Freeing unused kernel memory: 1748K
[    7.256172] Freeing unused kernel memory: 112K
Loading, please wait...
starting version[    7.266219] random: udevadm: uninitialized urandom read (16 bytes read, 3 bits of entropy available)
 229
[    7.459655] random: systemd-udevd: uninitialized urandom read (16 bytes read, 3 bits of entropy available)
[    7.567872] random: systemd-udevd: uninitialized urandom read (16 bytes read, 3 bits of entropy available)
[    7.578307] random: systemd-udevd: uninitialized urandom read (16 bytes read, 3 bits of entropy available)
[    7.586410] random: systemd-udevd: uninitialized urandom read (16 bytes read, 3 bits of entropy available)
[    7.591194] random: udevadm: uninitialized urandom read (16 bytes read, 3 bits of entropy available)
[    7.645951] random: udevadm: uninitialized urandom read (16 bytes read, 3 bits of entropy available)
[    7.686708] random: udevadm: uninitialized urandom read (16 bytes read, 3 bits of entropy available)
[    7.792765] random: udevadm: uninitialized urandom read (16 bytes read, 3 bits of entropy available)
[    7.796307] random: udevadm: uninitialized urandom read (16 bytes read, 3 bits of entropy available)
[    7.840373] e1000: Intel(R) PRO/1000 Network Driver - version 7.3.21-k8-NAPI
[    7.867130] e1000: Copyright (c) 1999-2006 Intel Corporation.
[    7.890005] Fusion MPT base driver 3.04.20
[    7.901034] Copyright (c) 1999-2008 LSI Corporation
[    7.932886] AVX version of gcm_enc/dec engaged.
[    7.939681] AES CTR mode by8 optimization enabled
[    7.955683] Fusion MPT SPI Host driver 3.04.20
[    8.108533] input: ImExPS/2 Generic Explorer Mouse as /devices/platform/i8042/serio1/input/input4
[    8.399241] e1000 0000:00:03.0 eth0: (PCI:33MHz:32-bit) 02:79:78:05:52:90
[    8.408628] e1000 0000:00:03.0 eth0: Intel(R) PRO/1000 Network Connection
[    8.430646] mptbase: ioc0: Initiating bringup
[    8.547346] ioc0: LSI53C1030 A0: Capabilities={Initiator}
[    8.764520] scsi host2: ioc0: LSI53C1030 A0, FwRev=00000000h, Ports=1, MaxQ=256, IRQ=20
[    9.015974] scsi 2:0:0:0: Direct-Access     VBOX     HARDDISK         1.0  PQ: 0 ANSI: 5
[    9.031902] scsi target2:0:0: Beginning Domain Validation
[    9.033375] scsi target2:0:0: Domain Validation skipping write tests
[    9.171173] scsi target2:0:0: Ending Domain Validation
[    9.191882] scsi target2:0:0: asynchronous
[    9.255318] scsi 2:0:1:0: Direct-Access     VBOX     HARDDISK         1.0  PQ: 0 ANSI: 5
[    9.438322] scsi target2:0:1: Beginning Domain Validation
[    9.592333] scsi target2:0:1: Domain Validation skipping write tests
[    9.677132] scsi target2:0:1: Ending Domain Validation
[    9.742824] scsi target2:0:1: asynchronous
[    9.776057] sd 2:0:0:0: Attached scsi generic sg0 type 0
[    9.786674] sd 2:0:0:0: [sda] 20971520 512-byte logical blocks: (10.7 GB/10.0 GiB)
[    9.822955] sd 2:0:1:0: [sdb] 20480 512-byte logical blocks: (10.5 MB/10.0 MiB)
[    9.882622] sd 2:0:1:0: Attached scsi generic sg1 type 0
[    9.891927] e1000 0000:00:08.0 eth1: (PCI:33MHz:32-bit) 08:00:27:24:25:3e
[    9.920549] e1000 0000:00:08.0 eth1: Intel(R) PRO/1000 Network Connection
[    9.934022] sd 2:0:0:0: [sda] Write Protect is off
[    9.934975] sd 2:0:0:0: [sda] Incomplete mode parameter data
[    9.945407] sd 2:0:0:0: [sda] Assuming drive cache: write through
[    9.947542] sd 2:0:1:0: [sdb] Write Protect is off
[    9.958287] sd 2:0:1:0: [sdb] Incomplete mode parameter data
[    9.967930] sd 2:0:1:0: [sdb] Assuming drive cache: write through
[    9.977437]  sda: sda1
[    9.979737] sd 2:0:0:0: [sda] Attached SCSI disk
[    9.996069] sd 2:0:1:0: [sdb] Attached SCSI disk
[   10.443558] e1000 0000:00:09.0 eth2: (PCI:33MHz:32-bit) 08:00:27:b9:cf:40
[   10.501342] e1000 0000:00:09.0 eth2: Intel(R) PRO/1000 Network Connection
[   10.510411] e1000 0000:00:09.0 enp0s9: renamed from eth2
[   10.519522] e1000 0000:00:08.0 enp0s8: renamed from eth1
[   10.549187] e1000 0000:00:03.0 enp0s3: renamed from eth0
[   10.935219] floppy0: no floppy controllers found
Begin: Loading e[   12.332308] md: linear personality registered for level -1
ssential drivers[   12.433855] md: multipath personality registered for level -4
 ... [   12.484555] md: raid0 personality registered for level 0
[   12.495214] md: raid1 personality registered for level 1
[   12.606678] raid6: sse2x1   gen()  8835 MB/s
[   12.694788] raid6: sse2x1   xor()  7205 MB/s
[   12.783364] raid6: sse2x2   gen() 11101 MB/s
[   12.950725] raid6: sse2x2   xor()  8017 MB/s
[   13.066670] raid6: sse2x4   gen() 13178 MB/s
[   13.158744] raid6: sse2x4   xor()  9428 MB/s
[   13.249217] raid6: using algorithm sse2x4 gen() 13178 MB/s
[   13.407857] raid6: .... xor() 9428 MB/s, rmw enabled
[   13.488237] raid6: using ssse3x2 recovery algorithm
[   13.491469] xor: automatically using best checksumming function:
[   13.586810]    avx       : 18784.000 MB/sec
[   13.605012] async_tx: api initialized (async)
[   13.646864] md: raid6 personality registered for level 6
[   13.667226] md: raid5 personality registered for level 5
[   13.673916] md: raid4 personality registered for level 4
[   13.684640] md: raid10 personality registered for level 10
done.
Begin: Running /scripts/init-p[   13.837513] Btrfs loaded
remount ... done.
Begin: Mounting root file system ... Begin: Running /scripts/local-top ... done.
Begin: Running /scripts/local-premount ... Scanning for Btrfs filesystems
done.
Warning: fsck not present, so sk[   13.940204] EXT4-fs (sda1): mounted filesystem with ordered data mode. Opts: (null)
ipping root file system
done.
Begin: Running /scripts/local-bottom ... done.
Begin: Running /scripts/init-bottom ... done.
[   14.475512] systemd[1]: systemd 229 running in system mode. (+PAM +AUDIT +SELINUX +IMA +APPARMOR +SMACK +SYSVINIT +UTMP +LIBCRYPTSETUP +GCRYPT +GNUTLS +ACL +XZ -LZ4 +SECCOMP +BLKID +ELFUTILS +KMOD -IDN)
[   14.651613] systemd[1]: Detected virtualization oracle.
[   14.677136] systemd[1]: Detected architecture x86-64.

Welcome to [1mUbuntu 16.04.3 LTS[0m!

[   14.813923] systemd[1]: Set hostname to <tirskikh-kubenode>.
[   15.026844] random: nonblocking pool is initialized
[   16.177399] systemd[1]: Configuration file /lib/systemd/system/kubelet.service is marked world-inaccessible. This has no effect as configuration data is accessible via APIs without restrictions. Proceeding anyway.
[   16.684161] systemd[1]: Configuration file /etc/systemd/system/kubelet.service.d/10-kubeadm.conf is marked world-inaccessible. This has no effect as configuration data is accessible via APIs without restrictions. Proceeding anyway.
[   17.217799] systemd[1]: Listening on LVM2 metadata daemon socket.
[[0;32m  OK  [0m] Listening on LVM2 metadata daemon socket.
[   17.447507] systemd[1]: Reached target User and Group Name Lookups.
[[0;32m  OK  [0m] Reached target User and Group Name Lookups.
[   17.691122] systemd[1]: Reached target Encrypted Volumes.
[[0;32m  OK  [0m] Reached target Encrypted Volumes.
[   17.895289] systemd[1]: Listening on LVM2 poll daemon socket.
[[0;32m  OK  [0m] Listening on LVM2 poll daemon socket.
[   18.003871] systemd[1]: Listening on Journal Socket.
[[0;32m  OK  [0m] Listening on Journal Socket.
[   18.166048] systemd[1]: Reached target Swap.
[[0;32m  OK  [0m] Reached target Swap.
[   18.313057] systemd[1]: Created slice System Slice.
[[0;32m  OK  [0m] Created slice System Slice.
[   18.324425] systemd[1]: Mounting POSIX Message Queue File System...
         Mounting POSIX Message Queue File System...
[   18.393111] systemd[1]: Starting Set console keymap...
         Starting Set console keymap...
[   18.420595] systemd[1]: Starting Create list of required static device nodes for the current kernel...
         Starting Create list of required st... nodes for the current kernel...
[   18.437446] systemd[1]: Starting Nameserver information manager...
         Starting Nameserver information manager...
[   18.524062] systemd[1]: Starting Load Kernel Modules...
         Starting Load Kernel Modules...
[   18.642232] systemd[1]: Listening on Journal Audit Socket.
[[0;32m  OK  [0m] Listening on Journal Audit Socket.
[   18.680160] systemd[1]: Starting Remount Root and Kernel File Systems...
[   18.694048] Loading iSCSI transport class v2.0-870.
         Starting Remount Root and Kernel File Systems...
[   18.723741] systemd[1]: Mounting Debug File System...
[   18.731656] EXT4-fs (sda1): re-mounted. Opts: (null)
         Mounting Debug File System...
[   18.744816] systemd[1]: Listening on udev Kernel Socket.
[[0;32m  OK  [0m] Listening on udev Kernel Socket.
[   18.750816] systemd[1]: Listening on udev Control Socket.
[[0;32m  OK  [0m] Listening on udev Control Socket.
[   18.753456] systemd[1]: Created slice system-serial\x2dgetty.slice.
[   18.757240] iscsi: registered transport (tcp)
[[0;32m  OK  [0m] Created slice system-serial\x2dgetty.slice.
[   18.825882] iscsi: registered transport (iser)
[   18.842787] systemd[1]: Created slice User and Session Slice.
[[0;32m  OK  [0m] Created slice User and Session Slice.
[   18.861498] systemd[1]: Reached target Slices.
[[0;32m  OK  [0m] Reached target Slices.
[   18.869056] systemd[1]: Set up automount Arbitrary Executable File Formats File System Automount Point.
[[0;32m  OK  [0m] Set up automount Arbitrary Executab...ats File System Automount Point.
[   18.872424] systemd[1]: Listening on Syslog Socket.
[[0;32m  OK  [0m] Listening on Syslog Socket.
[   18.897663] systemd[1]: Started Trigger resolvconf update for networkd DNS.
[[0;32m  OK  [0m] Started Trigger resolvconf update for networkd DNS.
[   19.074] systemd[1]: Listening on Journal Socket (/dev/log).
[[0;32m  OK  [0m] Listening on Journal Socket (/dev/log).
[   19.330990] systemd[1]: Starting Journal Service...
         Starting Journal Service...
[   19.381416] systemd[1]: Starting Uncomplicated firewall...
         Starting Uncomplicated firewall...
[   19.432149] systemd[1]: Listening on /dev/initctl Compatibility Named Pipe.
[[0;32m  OK  [0m] Listening on /dev/initctl Compatibility Named Pipe.
[   19.456145] systemd[1]: Mounting Huge Pages File System...
         Mounting Huge Pages File System...
[   19.461402] systemd[1]: Listening on Device-mapper event daemon FIFOs.
[[0;32m  OK  [0m] Listening on Device-mapper event daemon FIFOs.
[   19.507460] systemd[1]: Starting Monitoring of LVM2 mirrors, snapshots etc. using dmeventd or progress polling...
         Starting Monitoring of LVM2 mirrors... dmeventd or progress polling...
[   19.530865] systemd[1]: Started Forward Password Requests to Wall Directory Watch.
[[0;32m  OK  [0m] Started Forward Password Requests to Wall Directory Watch.
[   19.672278] systemd[1]: Mounted POSIX Message Queue File System.
[[0;32m  OK  [0m] Mounted POSIX Message Queue File System.
[   19.866866] systemd[1]: Mounted Debug File System.
[[0;32m  OK  [0m] Mounted Debug File System.
[   19.875770] systemd[1]: Mounted Huge Pages File System.
[[0;32m  OK  [0m] Mounted Huge Pages File System.
[   19.878053] systemd[1]: Started Journal Service.
[[0;32m  OK  [0m] Started Journal Service.
[[0;32m  OK  [0m] Started Set console keymap.
[[0;32m  OK  [0m] Started Create list of required sta...ce nodes for the current kernel.
[[0;32m  OK  [0m] Started Load Kernel Modules.
[[0;32m  OK  [0m] Started Remount Root and Kernel File Systems.
[[0;32m  OK  [0m] Started Uncomplicated firewall.
[[0;32m  OK  [0m] Started Nameserver information manager.
[[0;32m  OK  [0m] Started LVM2 metadata daemon.
         Starting Initial cloud-init job (pre-networking)...
         Starting udev Coldplug all Devices...
         Starting Load/Save Random Seed...
         Mounting FUSE Control File System...
         Starting Apply Kernel Variables...
         Starting Create Static Device Nodes in /dev...
         Starting Flush Journal to Persistent Storage...
[[0;32m  OK  [0m] Mounted FUSE Control File System.
[[0;32m  OK  [0m] Started Monitoring of LVM2 mirrors,...ng dmeventd or progress polling.
[[0;32m  OK  [0m] Started Load/Save Random Seed.
[[0;32m  OK  [0m] Started Apply Kernel Variables.
[[0;32m  OK  [0m] Started Create Static Device Nodes in /dev.
[[0;32m  OK  [0m] Started udev Coldplug all Devices.
         Starting udev Kernel Device Manager...
[[0;32m  OK  [0m] Started Flush Journal to Persistent Storage.
[[0;32m  OK  [0m] Started udev Kernel Device Manager.
[[0;32m  OK  [0m] Started Dispatch Password Requests to Console Directory Watch.
[[0;32m  OK  [0m] Reached target Local File Systems (Pre).
[[0;32m  OK  [0m] Reached target Local File Systems.
         Starting Tell Plymouth To Write Out Runtime Data...
         Starting Set console font and keymap...
         Starting LSB: AppArmor initialization...
         Starting Create Volatile Files and Directories...
         Starting LSB: ebtables ruleset management...
[[0;32m  OK  [0m] Started Tell Plymouth To Write Out Runtime Data.
[[0;32m  OK  [0m] Found device /dev/ttyS0.
[[0;32m  OK  [0m] Started LSB: ebtables ruleset management.
[[0;32m  OK  [0m] Started Create Volatile Files and Directories.
[[0;32m  OK  [0m] Reached target System Time Synchronized.
         Starting Update UTMP about System Boot/Shutdown...
[[0;32m  OK  [0m] Started Set console font and keymap.
[[0;32m  OK  [0m] Started Update UTMP about System Boot/Shutdown.
[[0;32m  OK  [0m] Created slice system-getty.slice.
[[0;32m  OK  [0m] Found device 82540EM Gigabit Ethern...r (PRO/1000 MT Desktop Adapter).
[[0;32m  OK  [0m] Found device 82540EM Gigabit Ethern...r (PRO/1000 MT Desktop Adapter).
[[0;32m  OK  [0m] Found device 82540EM Gigabit Ethern...r (PRO/1000 MT Desktop Adapter).
[[0;32m  OK  [0m] Listening on Load/Save RF Kill Switch Status /dev/rfkill Watch.
[[0;32m  OK  [0m] Started LSB: AppArmor initialization.
[   26.505208] cloud-init[428]: Cloud-init v. 0.7.9 running 'init-local' at Thu, 12 Oct 2017 06:25:05 +0000. Up 25.73 seconds.
[[0;32m  OK  [0m] Started Initial cloud-init job (pre-networking).
[[0;32m  OK  [0m] Reached target Network (Pre).
         Starting Raise network interfaces...
[[0;32m  OK  [0m] Started ifup for enp0s8.
[[0;32m  OK  [0m] Started ifup for enp0s3.
[[0;32m  OK  [0m] Started ifup for enp0s9.
[[0;32m  OK  [0m] Started Raise network interfaces.
         Starting Initial cloud-init job (metadata service crawler)...
[[0;32m  OK  [0m] Reached target Network.
[   29.630149] cloud-init[1397]: Cloud-init v. 0.7.9 running 'init' at Thu, 12 Oct 2017 06:25:07 +0000. Up 28.08 seconds.
[   29.769203] cloud-init[1397]: ci-info: ++++++++++++++++++++++++++++++++++++++Net device info++++++++++++++++++++++++++++++++++++++
[[0;32m  OK  [0m] Started Initial cloud-init job (metadata service crawler).
[   29.817596] cloud-init[1397]: ci-info: +--------+------+-----------------------------+---------------+-------+-------------------+
[   29.960106] cloud-init[1397]: ci-info: | Device |  Up  |           Address           |      Mask     | Scope |     Hw-Address    |
[   29.988797] cloud-init[1397]: ci-info: +--------+------+-----------------------------+---------------+-------+-------------------+
[[0;32m  OK  [0m] Reached target System Initialization.
[   29.997930] cloud-init[1397]: ci-info: | enp0s8 | True |         10.19.10.49         | 255.255.240.0 |   .   | 08:00:27:24:25:3e |
[   30.172942] cloud-init[1397]: ci-info: | enp0s8 | True | fe80::a00:27ff:fe24:253e/64 |       .       |  link | 08:00:27:24:25:3e |
[   30.203617]          Starting LXD - unix socket.
cloud-init[1397]: ci-info: | enp0s3 | True |          10.0.2.15          | 255.255.255.0 |   .   | 02:79:78:05:52:90 |
[   30.252705] cloud-init[1397]: ci-info: | enp0s3 | True |  fe80::79:78ff:fe05:5290/64 |       .       |  link | 02:79:78:05:52:90 |
[[0;32m  OK  [0m] Started Timer to automatically fetch and run repair assertions.
[   30.451726] cloud-init[1397]: ci-info: |   lo   | True |          127.0.0.1          |   255.0.0.0   |   .   |         .         |
[[0;32m  OK  [0m] Started Timer to automatically refresh installed snaps.
[   30.489412] cloud-init[1397]: ci-info: |   lo   | True |           ::1/128           |       .       |  host |         .         |
[   30.708705] cloud-init[1397]: ci-info: | enp0s9 | True |          10.10.1.11         | 255.255.255.0 |   .   | 08:00:27:b9:cf:40 |
[   30.720200] cloud-init[1397]: ci-info: | enp0s9 | True | fe80::a00:27ff:feb9:cf40/64 |       .       |  link | 08:00:27:b9:cf:40 |
[   30.720459] cloud-init[1397]: ci-info: +--------+------+-----------------------------+---------------+-------+-------------------+
[   30.720499] cloud-init[1397]: ci-info: +++++++++++++++++++++++++++Route IPv4 info++++++++++++++++++++++++++++
[   30.720547] cloud-init[1397]: ci-info: +-------+-------------+----------+---------------+-----------+-------+
[   30.720584] cloud-init[1397]: ci-info: | Route | Destination | Gateway  |    Genmask    | Interface | Flags |
[   30.720621] cloud-init[1397]: ci-info: +-------+-------------+----------+---------------+-----------+-------+
[   30.720656] cloud-init[1397]: ci-info: |   0   |   0.0.0.0   | 10.0.2.2 |    0.0.0.0    |   enp0s3  |   UG  |
[   30.720691] cloud-init[1397]: ci-info: |   1   |   10.0.2.0  | 0.0.0.0  | 255.255.255.0 |   enp0s3  |   U   |
[   30.720735] cloud-init[1397]: ci-info: |   2   |  10.10.1.0  | 0.0.0.0  | 255.255.255.0 |   enp0s9  |   U   |
[   30.720772] cloud-init[1397]: ci-info: |   3   |  10.19.0.0  | 0.0.0.0  | 255.255.240.0 |   enp0s8  |   U   |
[   30.720863] cloud-init[1397]: ci-info: +-------+-------------+----------+---------------+-----------+-------+
         Starting Socket activation for snappy daemon.
[[0;32m  OK  [0m] Listening on ACPID Listen Socket.
[[0;32m  OK  [0m] Listening on UUID daemon activation socket.
[[0;32m  OK  [0m] Started ACPI Events Check.
[[0;32m  OK  [0m] Reached target Paths.
[[0;32m  OK  [0m] Started Daily Cleanup of Temporary Directories.
         Starting Docker Socket for the API.
[[0;32m  OK  [0m] Listening on D-Bus System Message Bus Socket.
[[0;32m  OK  [0m] Reached target Cloud-config availability.
[[0;32m  OK  [0m] Reached target Network is Online.
[[0;32m  OK  [0m] Started Daily apt download activities.
[[0;32m  OK  [0m] Started Daily apt upgrade and clean activities.
[[0;32m  OK  [0m] Reached target Timers.
         Starting iSCSI initiator daemon (iscsid)...
[[0;32m  OK  [0m] Listening on LXD - unix socket.
[[0;32m  OK  [0m] Listening on Socket activation for snappy daemon.
[[0;32m  OK  [0m] Listening on Docker Socket for the API.
[[0;32m  OK  [0m] Reached target Sockets.
[[0;32m  OK  [0m] Reached target Basic System.
         Starting Apply the settings specified in cloud-config...
         Starting Accounts Service...
[[0;32m  OK  [0m] Started Unattended Upgrades Shutdown.
         Starting /etc/rc.local Compatibility...
[[0;32m  OK  [0m] Started FUSE filesystem for LXC.
         Starting Snappy daemon...
[[0;32m  OK  [0m] Started Deferred execution scheduler.
         Starting Docker Application Container Engine...
[[0;32m  OK  [0m] Started Regular background program processing daemon.
         Starting Ubuntu FAN network setup...
[[0;32m  OK  [0m] Started ACPI event daemon.
         Starting Login Service...
         Starting LSB: Record successful boot for GRUB...
         Starting OpenBSD Secure Shell server...
         Starting System Logging Service...
[[0;32m  OK  [0m] Started D-Bus System Message Bus.
[   32.284568] cloud-init[1450]: Cloud-init v. 0.7.9 running 'modules:config' at Thu, 12 Oct 2017 06:25:11 +0000. Up 31.88 seconds.
         Starting LSB: MD monitoring daemon...
[[0;32m  OK  [0m] Started kubelet: The Kubernetes Node Agent.
         Starting LXD - container startup/shutdown...
[[0;32m  OK  [0m] Started System Logging Service.
[[0;32m  OK  [0m] Started Apply the settings specified in cloud-config.
[[0;32m  OK  [0m] Started /etc/rc.local Compatibility.
[[0;32m  OK  [0m] Started Ubuntu FAN network setup.
[[0;32m  OK  [0m] Started Login Service.
[[0;32m  OK  [0m] Started OpenBSD Secure Shell server.
[[0;32m  OK  [0m] Started iSCSI initiator daemon (iscsid).
         Starting Login to default iSCSI targets...
         Starting Authenticate and Authorize Users to Run Privileged Tasks...
[[0;32m  OK  [0m] Started Login to default iSCSI targets.
[[0;32m  OK  [0m] Started LSB: Record successful boot for GRUB.
[[0;32m  OK  [0m] Started LSB: MD monitoring daemon.
[[0;32m  OK  [0m] Reached target Remote File Systems (Pre).
[[0;32m  OK  [0m] Reached target Remote File Systems.
         Starting LSB: daemon to balance interrupts for SMP systems...
         Starting LSB: VirtualBox Linux Additions...
         Starting LSB: automatic crash report generation...
         Starting LSB: Set up cgroupfs mounts....
         Starting Permit User Sessions...
         Starting LSB: Set the CPU Frequency Scaling governor to "ondemand"...
[[0;32m  OK  [0m] Started LSB: Set up cgroupfs mounts..
[[0;32m  OK  [0m] Started Permit User Sessions.
[[0;32m  OK  [0m] Started Authenticate and Authorize Users to Run Privileged Tasks.
[[0;32m  OK  [0m] Started Accounts Service.
[[0;32m  OK  [0m] Started LSB: Set the CPU Frequency Scaling governor to "ondemand".
         Starting Hold until boot process finishes up...
         Starting Terminate Plymouth Boot Screen...
[[0;32m  OK  [0m] Started Hold until boot process finishes up.
[[0;32m  OK  [0m] Started LSB: daemon to balance interrupts for SMP systems.
[[0;32m  OK  [0m] Started Terminate Plymouth Boot Screen.
[[0;32m  OK  [0m] Started LSB: automatic crash report generation.
[[0;32m  OK  [0m] Started Serial Getty on ttyS0.
[[0;32m  OK  [0m] Started Getty on tty1.
[[0;32m  OK  [0m] Reached target Login Prompts.
         Starting Set console scheme...
[[0;32m  OK  [0m] Started Set console scheme.
[[0;32m  OK  [0m] Started LSB: VirtualBox Linux Additions.
[[0;32m  OK  [0m] Created slice User Slice of ubuntu.
         Starting User Manager for UID 1000...
[[0;32m  OK  [0m] Started Session 1 of user ubuntu.
[[0;32m  OK  [0m] Started User Manager for UID 1000.
[[0;32m  OK  [0m] Started LXD - container startup/shutdown.
[[0;32m  OK  [0m] Started Snappy daemon.
         Starting Auto import assertions from block devices...
[[0;32m  OK  [0m] Started Auto import assertions from block devices.

Ubuntu 16.04.3 LTS tirskikh-kubenode ttyS0

tirskikh-kubenode login: [   48.380239] cloud-init[2146]: Cloud-init v. 0.7.9 running 'modules:final' at Thu, 12 Oct 2017 06:25:27 +0000. Up 47.96 seconds.
[   48.380634] cloud-init[2146]: Cloud-init v. 0.7.9 finished at Thu, 12 Oct 2017 06:25:28 +0000. Datasource DataSourceNoCloud [seed=/dev/sdb][dsmode=net].  Up 48.37 seconds
